MSBUILD : error MSB1008: Only one project can be specified.
    Full command line: 'C:\Program Files\dotnet\sdk\10.0.103\MSBuild.dll -maxcpucount --verbosity:m -tlp:default=auto --property:NuGetInteractive=false --restoreProperty:NuGetInteractive=false --restoreProperty:EnableDefaultCompileItems=false --restoreProperty:EnableDefaultEmbeddedResourceItems=false --restoreProperty:EnableDefaultNoneItems=false d:\PRN222\E-Commerce-Platform-Ass2\E-Commerce-Platform-Ass2.Wed\E-Commerce-Platform-Ass2.Wed.csproj Line: -consoleloggerparameters:Summary -restore -distributedlogger:Microsoft.DotNet.Cli.Commands.MSBuild.MSBuildLogger,C:\Program Files\dotnet\sdk\10.0.103\dotnet.dll*Microsoft.DotNet.Cli.Commands.MSBuild.MSBuildForwardingLogger,C:\Program Files\dotnet\sdk\10.0.103\dotnet.dll -nologo'
  Switches appended by response files:
Switch: Line:

For switch syntax, type "MSBuild -help"
