C:\Program Files\dotnet\sdk\10.0.103\Microsoft.Common.CurrentVersion.targets(5080,5): error MSB3027: Could not copy "d:\PRN222\E-Commerce-Platform-Ass2\E-Commerce-Platform-Ass2.Data\bin\Debug\net9.0\E-Commerce-Platform-Ass2.Data.dll" to "bin\Debug\net9.0\E-Commerce-Platform-Ass2.Data.dll". Exceeded retry count of 10. Failed. The file is locked by: "Microsoft Visual Studio 2022 (24424), E-Commerce-Platform-Ass2.Wed (7576)" [d:\PRN222\E-Commerce-Platform-Ass2\E-Commerce-Platform-Ass2.Wed\E-Commerce-Platform-Ass2.Wed.csproj]
C:\Program Files\dotnet\sdk\10.0.103\Microsoft.Common.CurrentVersion.targets(5080,5): error MSB3021: Unable to copy file "d:\PRN222\E-Commerce-Platform-Ass2\E-Commerce-Platform-Ass2.Data\bin\Debug\net9.0\E-Commerce-Platform-Ass2.Data.dll" to "bin\Debug\net9.0\E-Commerce-Platform-Ass2.Data.dll". The process cannot access the file 'd:\PRN222\E-Commerce-Platform-Ass2\E-Commerce-Platform-Ass2.Wed\bin\Debug\net9.0\E-Commerce-Platform-Ass2.Data.dll' because it is being used by another process. [d:\PRN222\E-Commerce-Platform-Ass2\E-Commerce-Platform-Ass2.Wed\E-Commerce-Platform-Ass2.Wed.csproj]
C:\Program Files\dotnet\sdk\10.0.103\Microsoft.Common.CurrentVersion.targets(5080,5): error MSB3027: Could not copy "D:\PRN222\E-Commerce-Platform-Ass2\E-Commerce-Platform-Ass2.Service\bin\Debug\net9.0\E-Commerce-Platform-Ass2.Service.dll" to "bin\Debug\net9.0\E-Commerce-Platform-Ass2.Service.dll". Exceeded retry count of 10. Failed. The file is locked by: "Microsoft Visual Studio 2022 (24424), E-Commerce-Platform-Ass2.Wed (7576)" [d:\PRN222\E-Commerce-Platform-Ass2\E-Commerce-Platform-Ass2.Wed\E-Commerce-Platform-Ass2.Wed.csproj]
C:\Program Files\dotnet\sdk\10.0.103\Microsoft.Common.CurrentVersion.targets(5080,5): error MSB3021: Unable to copy file "D:\PRN222\E-Commerce-Platform-Ass2\E-Commerce-Platform-Ass2.Service\bin\Debug\net9.0\E-Commerce-Platform-Ass2.Service.dll" to "bin\Debug\net9.0\E-Commerce-Platform-Ass2.Service.dll". The process cannot access the file 'd:\PRN222\E-Commerce-Platform-Ass2\E-Commerce-Platform-Ass2.Wed\bin\Debug\net9.0\E-Commerce-Platform-Ass2.Service.dll' because it is being used by another process. [d:\PRN222\E-Commerce-Platform-Ass2\E-Commerce-Platform-Ass2.Wed\E-Commerce-Platform-Ass2.Wed.csproj]

Build FAILED.
    27 Warning(s)
    4 Error(s)

Time Elapsed 00:00:15.57
